[DEBUG] 2023-01-16T15:23:05Z - Application Height: 0
[DEBUG] 2023-01-16T15:23:05Z - Application Width: 0
[DEBUG] 2023-01-16T15:23:05Z - Application Aspect Ratio: 20
[DEBUG] 2023-01-16T15:23:05Z - Application Title: Example App
[DEBUG] 2023-01-16T15:23:05Z - Exit screen: Exit
[DEBUG] 2023-01-16T15:23:05Z - Start screen: Welcome
[DEBUG] 2023-01-16T15:23:05Z - Displaying screen Welcome
[DEBUG] 2023-01-16T15:23:05Z - Dialog options: --backtitle Example App --title Welcome --aspect 20
[DEBUG] 2023-01-16T15:23:06Z - Screen Welcome exits with 0, value 
[DEBUG] 2023-01-16T15:23:06Z - Displaying screen Main Menu
[DEBUG] 2023-01-16T15:23:06Z - Dialog options: --backtitle Example App --title Main Menu --aspect 20
[DEBUG] 2023-01-16T15:23:06Z - Menu options for Main Menu: Another Takes you to another page Happiness Level Asks if you are happy Invoke Custom Example of invoking a custom script Missing Entry Example of a custom screen missing properties
[DEBUG] 2023-01-16T15:23:07Z - Screen Main Menu exits with 0, value Invoke Custom
[DEBUG] 2023-01-16T15:23:07Z - Displaying screen Invoke Custom
[DEBUG] 2023-01-16T15:23:07Z - Dialog options: --backtitle Example App --title Invoke Custom --aspect 20
[DEBUG] 2023-01-16T15:23:07Z - Dialog options: --backtitle Example App --title Invoke Custom --aspect 20
[DEBUG] 2023-01-16T15:23:08Z - Screen Invoke Custom exits with 0, value 
[DEBUG] 2023-01-16T15:23:08Z - Displaying screen Main Menu
[DEBUG] 2023-01-16T15:23:08Z - Dialog options: --backtitle Example App --title Main Menu --aspect 20
[DEBUG] 2023-01-16T15:23:08Z - Menu options for Main Menu: Another Takes you to another page Happiness Level Asks if you are happy Invoke Custom Example of invoking a custom script Missing Entry Example of a custom screen missing properties
[DEBUG] 2023-01-16T15:23:09Z - Screen Main Menu exits with 1, value 
[DEBUG] 2023-01-16T15:23:09Z - Displaying screen Exit
[DEBUG] 2023-01-16T15:23:09Z - Dialog options: --backtitle Example App --title Exit --aspect 20
[DEBUG] 2023-01-16T15:23:10Z - Screen Exit exits with 0, value 
